Microchip MPLAB XC8 Compiler V2.46

Linker command line:

-W-3 \
  --edf=C:\Program Files\Microchip\xc8\v2.46\pic\dat\20240104201356_en.msgs \
  -cn -h+dist/default/production\TEMP_ESTUFA_LCD.X.production.sym \
  --cmf=dist/default/production\TEMP_ESTUFA_LCD.X.production.cmf -z \
  -Q18F4520 -oC:\Users\gabri\AppData\Local\Temp\xcAsgdg.\driver_tmp_3.o \
  --defsym=__MPLAB_BUILD=1 --fixupoverflow=error \
  -Mdist/default/production/TEMP_ESTUFA_LCD.X.production.map \
  --md=C:\Users\gabri\AppData\Local\Temp\xcAsgdg.\driver_tmp_0.dat -E1 \
  -ver=XC8 Compiler --acfsm=1493 -ACODE=00h-07FFFh -ACONST=00h-07FFFh \
  -ASMALLCONST=0600h-06FFhx122 -AMEDIUMCONST=0600h-07FFFh -ACOMRAM=01h-07Fh \
  -AABS1=00h-05FFh -ABIGRAM=01h-05FFh -ARAM=080h-0FFh,0100h-01FFhx5 \
  -ABANK0=080h-0FFh -ABANK1=0100h-01FFh -ABANK2=0200h-02FFh \
  -ABANK3=0300h-03FFh -ABANK4=0400h-04FFh -ABANK5=0500h-05FFh \
  -ASFR=0F80h-0FFFh -ABIGSFR=0F80h-0FFFh -ACONFIG=0300000h-030000Dh \
  -AIDLOC=0200000h-0200007h -AEEDATA=0F00000h-0F000FFh -peeprom_data=EEDATA \
  -preset_vec=00h,intcode,sivt_hi,intcodelo,sivt_lo,powerup,init \
  -pramtop=0600h -psmallconst=SMALLCONST -pmediumconst=MEDIUMCONST \
  -pconst=CONST -AFARRAM=00h-00h \
  -prdata=COMRAM,nvrram=COMRAM,nvbit=COMRAM,rbss=COMRAM,rbit=COMRAM \
  -pfarbss=FARRAM,fardata=FARRAM,nvFARRAM=FARRAM \
  -pintsave_regs=BIGRAM,bigbss=BIGRAM,bigdata=BIGRAM -pbss=RAM \
  -pidata=CODE,irdata=CODE,ibigdata=CODE,ifardata=CODE -prparam=COMRAM \
  C:\Users\gabri\AppData\Local\Temp\xcAsgdg.\driver_tmp_14.o \
  dist/default/production\TEMP_ESTUFA_LCD.X.production.o 

Object code version is 3.11

Machine type is 18F4520



                Name                               Link     Load   Length Selector   Space Scale
C:\Users\gabri\AppData\Local\Temp\xcAsgdg.\driver_tmp_14.o
                config                           300000   300000        E        0       4
                init                                  0        0        4        0       0
dist/default/production\TEMP_ESTUFA_LCD.X.production.o
                config                           300000   300000        E        0       4
                smallconst                          600      600       80      300       0
                text42                             3632     3632       20      340       0
                text41                             2A84     2A84       E4      340       0
                text40                             3652     3652       1E      340       0
                text39                             313C     313C       A0      340       0
                text38                             35DE     35DE       2E      340       0
                text37                             2D0A     2D0A       C4      340       0
                text36                             2F3C     2F3C       B0      340       0
                text35                             354A     354A       34      340       0
                text34                             369A     369A        2      340       0
                text33                             2DCE     2DCE       BA      340       0
                text32                             3498     3498       40      340       0
                text31                             327A     327A       66      340       0
                text30                             25CC     25CC      1B0      340       0
                text29                             19BE     19BE      39A      340       0
                text28                             2FEC     2FEC       AA      340       0
                text27                             2882     2882      104      340       0
                text26                             1594     1594      42A      340       0
                text25                             3512     3512       38      340       0
                text24                             10D4     10D4      4C0      340       0
                text23                             33D2     33D2       46      340       0
                text22                             277C     277C      106      340       0
                text21                             2986     2986       FE      340       0
                text20                             203C     203C      212      340       0
                text19                             32E0     32E0       56      340       0
                text18                             3336     3336       50      340       0
                text17                             34D8     34D8       3A      340       0
                text16                              680      680      A54      340       0
                text15                             360C     360C       26      340       0
                text14                             3096     3096       A6      340       0
                text13                             1D58     1D58      2E4      340       0
                text12                             3458     3458       40      340       0
                text11                             3418     3418       40      340       0
                text10                             2E88     2E88       B4      340       0
                text9                              2C3C     2C3C       CE      340       0
                text8                              3682     3682        E      340       0
                text7                              3690     3690        A      340       0
                text6                              3670     3670       12      340       0
                text5                              357E     357E       32      340       0
                text4                              2418     2418      1B4      340       0
                text3                              2B68     2B68       D4      340       0
                text2                              31DC     31DC       9E      340       0
                text1                              224E     224E      1CA      340       0
                text0                              3386     3386       4C      340       0
                cstackCOMRAM                          1        1       76        1       1
                cstackBANK0                          C0       C0       38       80       1
                bssBANK1                            100      100       60      100       1
                bssBANK0                             80       80       40       80       1
                bssCOMRAM                            77       77        9        1       1
                cinit                              35B0     35B0       2E      340       0

TOTAL           Name                               Link     Load   Length     Space
        CLASS   CODE           
                init                                  0        0        4         0
                text42                             3632     3632       20         0
                text41                             2A84     2A84       E4         0
                text40                             3652     3652       1E         0
                text39                             313C     313C       A0         0
                text38                             35DE     35DE       2E         0
                text37                             2D0A     2D0A       C4         0
                text36                             2F3C     2F3C       B0         0
                text35                             354A     354A       34         0
                text34                             369A     369A        2         0
                text33                             2DCE     2DCE       BA         0
                text32                             3498     3498       40         0
                text31                             327A     327A       66         0
                text30                             25CC     25CC      1B0         0
                text29                             19BE     19BE      39A         0
                text28                             2FEC     2FEC       AA         0
                text27                             2882     2882      104         0
                text26                             1594     1594      42A         0
                text25                             3512     3512       38         0
                text24                             10D4     10D4      4C0         0
                text23                             33D2     33D2       46         0
                text22                             277C     277C      106         0
                text21                             2986     2986       FE         0
                text20                             203C     203C      212         0
                text19                             32E0     32E0       56         0
                text18                             3336     3336       50         0
                text17                             34D8     34D8       3A         0
                text16                              680      680      A54         0
                text15                             360C     360C       26         0
                text14                             3096     3096       A6         0
                text13                             1D58     1D58      2E4         0
                text12                             3458     3458       40         0
                text11                             3418     3418       40         0
                text10                             2E88     2E88       B4         0
                text9                              2C3C     2C3C       CE         0
                text8                              3682     3682        E         0
                text7                              3690     3690        A         0
                text6                              3670     3670       12         0
                text5                              357E     357E       32         0
                text4                              2418     2418      1B4         0
                text3                              2B68     2B68       D4         0
                text2                              31DC     31DC       9E         0
                text1                              224E     224E      1CA         0
                text0                              3386     3386       4C         0
                cinit                              35B0     35B0       2E         0

        CLASS   CONST          

        CLASS   SMALLCONST     
                smallconst                          600      600       80         0

        CLASS   MEDIUMCONST    

        CLASS   COMRAM         
                cstackCOMRAM                          1        1       76         1
                bssCOMRAM                            77       77        9         1

        CLASS   ABS1           

        CLASS   BIGRAM         

        CLASS   RAM            

        CLASS   BANK0          
                cstackBANK0                          C0       C0       38         1
                bssBANK0                             80       80       40         1

        CLASS   BANK1          
                bssBANK1                            100      100       60         1

        CLASS   BANK2          

        CLASS   BANK3          

        CLASS   BANK4          

        CLASS   BANK5          

        CLASS   SFR            

        CLASS   BIGSFR         

        CLASS   CONFIG         
                config                           300000   300000        E         4

        CLASS   IDLOC          

        CLASS   EEDATA         

        CLASS   FARRAM         

        CLASS   HEAP           

        CLASS   STACK          



SEGMENTS        Name                           Load    Length   Top    Selector   Space  Class

                reset_vec                      000000  000004  000004         0       0  CODE    
                cstackCOMRAM                   000001  00007F  000080         1       1  COMRAM  
                bssBANK0                       000080  000078  0000F8        80       1  BANK0   
                bssBANK1                       000100  000060  000160       100       1  BANK1   
                smallconst                     000600  000080  000680       300       0  SMALLCON
                text16                         000680  00301C  00369C       340       0  CODE    


UNUSED ADDRESS RANGES

        Name                Unused          Largest block    Delta
        BANK0            0000F8-0000FF                8
        BANK1            000160-0001FF               A0
        BANK2            000200-0002FF              100
        BANK3            000300-0003FF              100
        BANK4            000400-0004FF              100
        BANK5            000500-0005FF              100
        BIGRAM           0000F8-0000FF                8
                         000160-0005FF              4A0
        BIGSFR           000F80-000FFF               80
        CODE             000004-0005FF              5FC
                         00369C-007FFF             4964
        CONST            000004-0005FF              5FC
                         00369C-007FFF             4964
        EEDATA           F00000-F000FF              100
        IDLOC            200000-200007                8
        MEDIUMCONST      00369C-007FFF             4964
        RAM              0000F8-0000FF                8
                         000160-0005FF              100
        SFR              000F80-000FFF               80
        SMALLCONST       00369C-007FFF              100

                                  Symbol Table

?___awdiv                   cstackCOMRAM 000001
?___awmod                   cstackCOMRAM 000001
?___fladd                   cstackCOMRAM 000001
?___fldiv                   cstackCOMRAM 000028
?___flmul                   cstackCOMRAM 00000F
?___flneg                   cstackCOMRAM 000001
?___flsub                   cstackCOMRAM 000028
?___fltol                   cstackCOMRAM 000001
?___fpclassifyf             cstackCOMRAM 000001
?___wmul                    cstackCOMRAM 000001
?___xxtofl                  cstackCOMRAM 000001
?_abs                       cstackCOMRAM 000007
?_floorf                    cstackCOMRAM 000041
?_labs                      cstackCOMRAM 000001
?_read_prec_or_width        cstackCOMRAM 000007
?_sprintf                   cstackBANK0  0000EF
?_vfprintf                  cstackBANK0  0000EC
_ADCON0                     (abs)        000FC2
_ADCON0bits                 (abs)        000FC2
_ADCON1                     (abs)        000FC1
_ADCON2                     (abs)        000FC0
_ADRESH                     (abs)        000FC4
_ADRESL                     (abs)        000FC3
_FAN1                       bssBANK0     000096
_FAN2                       bssBANK0     000094
_LCD_tela1                  text10       002E88
_LCD_tela2                  text9        002C3C
_OSCCON                     (abs)        000FD3
_OSCTUNE                    (abs)        000F9B
_PORTB                      (abs)        000F81
_PORTBbits                  (abs)        000F81
_PORTC                      (abs)        000F82
_PORTCbits                  (abs)        000F82
_PORTD                      (abs)        000F83
_PORTDbits                  (abs)        000F83
_PORTEbits                  (abs)        000F84
_RES1                       bssBANK0     000092
_TRISB                      (abs)        000F93
_TRISC                      (abs)        000F94
_TRISD                      (abs)        000F95
_TRISEbits                  (abs)        000F96
_VdigADC_AN3                bssCOMRAM    00007D
__HRAM                      (abs)        000000
__H__absolute__             __absolute__ 000000
__Habs1                     abs1         000000
__Hbank0                    bank0        000000
__Hbank1                    bank1        000000
__Hbank2                    bank2        000000
__Hbank3                    bank3        000000
__Hbank4                    bank4        000000
__Hbank5                    bank5        000000
__Hbigbss                   bigbss       000000
__Hbigdata                  bigdata      000000
__Hbigram                   bigram       000000
__Hbigsfr                   bigsfr       000000
__Hbss                      bss          000000
__HbssBANK0                 bssBANK0     000000
__HbssBANK1                 bssBANK1     000000
__HbssCOMRAM                bssCOMRAM    000000
__Hcinit                    cinit        000000
__Hclrtext                  clrtext      000000
__Hcomram                   comram       000000
__Hconfig                   config       30000E
__Hconst                    const        000000
__HcstackBANK0              cstackBANK0  000000
__HcstackCOMRAM             cstackCOMRAM 000000
__Hdata                     data         000000
__Heeprom_data              eeprom_data  000000
__Hfarbss                   farbss       000000
__Hfardata                  fardata      000000
__Hheap                     heap         000000
__Hibigdata                 ibigdata     000000
__Hidata                    idata        000000
__Hidloc                    idloc        000000
__Hifardata                 ifardata     000000
__Hinit                     init         000004
__Hintcode                  intcode      000000
__Hintcode_body             intcode_body 000000
__Hintcodelo                intcodelo    000000
__Hintentry                 intentry     000000
__Hintret                   intret       000000
__Hintsave_regs             intsave_regs 000000
__Hirdata                   irdata       000000
__Hmediumconst              mediumconst  000000
__HnvFARRAM                 nvFARRAM     000000
__Hnvbit                    nvbit        000000
__Hnvrram                   nvrram       000000
__Hparam                    rparam       000000
__Hpowerup                  powerup      000000
__Hram                      ram          000000
__Hramtop                   ramtop       000600
__Hrbit                     rbit         000000
__Hrbss                     rbss         000000
__Hrdata                    rdata        000000
__Hreset_vec                reset_vec    000000
__Hrparam                   rparam       000000
__Hsfr                      sfr          000000
__Hsivt_hi                  sivt_hi      000000
__Hsivt_lo                  sivt_lo      000000
__Hsmallconst               smallconst   000680
__Hspace_0                  (abs)        00369C
__Hspace_1                  (abs)        000160
__Hspace_2                  (abs)        000000
__Hspace_4                  (abs)        60000E
__Hstack                    stack        000000
__Hstruct                   struct       000000
__Htemp                     temp         000000
__Htext                     text         000000
__Htext0                    text0        000000
__Htext1                    text1        000000
__Htext10                   text10       000000
__Htext11                   text11       000000
__Htext12                   text12       000000
__Htext13                   text13       000000
__Htext14                   text14       000000
__Htext15                   text15       000000
__Htext16                   text16       000000
__Htext17                   text17       000000
__Htext18                   text18       000000
__Htext19                   text19       000000
__Htext2                    text2        000000
__Htext20                   text20       000000
__Htext21                   text21       000000
__Htext22                   text22       000000
__Htext23                   text23       000000
__Htext24                   text24       000000
__Htext25                   text25       000000
__Htext26                   text26       000000
__Htext27                   text27       000000
__Htext28                   text28       000000
__Htext29                   text29       000000
__Htext3                    text3        000000
__Htext30                   text30       000000
__Htext31                   text31       000000
__Htext32                   text32       000000
__Htext33                   text33       000000
__Htext34                   text34       000000
__Htext35                   text35       000000
__Htext36                   text36       000000
__Htext37                   text37       000000
__Htext38                   text38       000000
__Htext39                   text39       000000
__Htext4                    text4        000000
__Htext40                   text40       000000
__Htext41                   text41       000000
__Htext42                   text42       000000
__Htext5                    text5        000000
__Htext6                    text6        000000
__Htext7                    text7        000000
__Htext8                    text8        000000
__Htext9                    text9        000000
__LRAM                      (abs)        000001
__L__absolute__             __absolute__ 000000
__Labs1                     abs1         000000
__Lbank0                    bank0        000000
__Lbank1                    bank1        000000
__Lbank2                    bank2        000000
__Lbank3                    bank3        000000
__Lbank4                    bank4        000000
__Lbank5                    bank5        000000
__Lbigbss                   bigbss       000000
__Lbigdata                  bigdata      000000
__Lbigram                   bigram       000000
__Lbigsfr                   bigsfr       000000
__Lbss                      bss          000000
__LbssBANK0                 bssBANK0     000000
__LbssBANK1                 bssBANK1     000000
__LbssCOMRAM                bssCOMRAM    000000
__Lcinit                    cinit        000000
__Lclrtext                  clrtext      000000
__Lcomram                   comram       000000
__Lconfig                   config       000000
__Lconst                    const        000000
__LcstackBANK0              cstackBANK0  000000
__LcstackCOMRAM             cstackCOMRAM 000000
__Ldata                     data         000000
__Leeprom_data              eeprom_data  000000
__Lfarbss                   farbss       000000
__Lfardata                  fardata      000000
__Lheap                     heap         000000
__Libigdata                 ibigdata     000000
__Lidata                    idata        000000
__Lidloc                    idloc        000000
__Lifardata                 ifardata     000000
__Linit                     init         000000
__Lintcode                  intcode      000000
__Lintcode_body             intcode_body 000000
__Lintcodelo                intcodelo    000000
__Lintentry                 intentry     000000
__Lintret                   intret       000000
__Lintsave_regs             intsave_regs 000000
__Lirdata                   irdata       000000
__Lmediumconst              mediumconst  000000
__LnvFARRAM                 nvFARRAM     000000
__Lnvbit                    nvbit        000000
__Lnvrram                   nvrram       000000
__Lparam                    rparam       000000
__Lpowerup                  powerup      000000
__Lram                      ram          000000
__Lramtop                   ramtop       000600
__Lrbit                     rbit         000000
__Lrbss                     rbss         000000
__Lrdata                    rdata        000000
__Lreset_vec                reset_vec    000000
__Lrparam                   rparam       000000
__Lsfr                      sfr          000000
__Lsivt_hi                  sivt_hi      000000
__Lsivt_lo                  sivt_lo      000000
__Lsmallconst               smallconst   000600
__Lspace_0                  (abs)        000000
__Lspace_1                  (abs)        000000
__Lspace_2                  (abs)        000000
__Lspace_4                  (abs)        000000
__Lstack                    stack        000000
__Lstruct                   struct       000000
__Ltemp                     temp         000000
__Ltext                     text         000000
__Ltext0                    text0        000000
__Ltext1                    text1        000000
__Ltext10                   text10       000000
__Ltext11                   text11       000000
__Ltext12                   text12       000000
__Ltext13                   text13       000000
__Ltext14                   text14       000000
__Ltext15                   text15       000000
__Ltext16                   text16       000000
__Ltext17                   text17       000000
__Ltext18                   text18       000000
__Ltext19                   text19       000000
__Ltext2                    text2        000000
__Ltext20                   text20       000000
__Ltext21                   text21       000000
__Ltext22                   text22       000000
__Ltext23                   text23       000000
__Ltext24                   text24       000000
__Ltext25                   text25       000000
__Ltext26                   text26       000000
__Ltext27                   text27       000000
__Ltext28                   text28       000000
__Ltext29                   text29       000000
__Ltext3                    text3        000000
__Ltext30                   text30       000000
__Ltext31                   text31       000000
__Ltext32                   text32       000000
__Ltext33                   text33       000000
__Ltext34                   text34       000000
__Ltext35                   text35       000000
__Ltext36                   text36       000000
__Ltext37                   text37       000000
__Ltext38                   text38       000000
__Ltext39                   text39       000000
__Ltext4                    text4        000000
__Ltext40                   text40       000000
__Ltext41                   text41       000000
__Ltext42                   text42       000000
__Ltext5                    text5        000000
__Ltext6                    text6        000000
__Ltext7                    text7        000000
__Ltext8                    text8        000000
__Ltext9                    text9        000000
__S0                        (abs)        00369C
__S1                        (abs)        000160
__S4                        (abs)        000000
__S5                        (abs)        000000
___awdiv                    text37       002D0A
___awdiv@counter            cstackCOMRAM 000005
___awdiv@dividend           cstackCOMRAM 000001
___awdiv@divisor            cstackCOMRAM 000003
___awdiv@quotient           cstackCOMRAM 000007
___awdiv@sign               cstackCOMRAM 000006
___awmod                    text36       002F3C
___awmod@counter            cstackCOMRAM 000005
___awmod@dividend           cstackCOMRAM 000001
___awmod@divisor            cstackCOMRAM 000003
___awmod@sign               cstackCOMRAM 000006
___fladd                    text24       0010D4
___fladd@a                  cstackCOMRAM 000005
___fladd@aexp               cstackCOMRAM 00000E
___fladd@b                  cstackCOMRAM 000001
___fladd@bexp               cstackCOMRAM 00000F
___fladd@grs                cstackCOMRAM 000010
___fladd@signs              cstackCOMRAM 00000D
___fldiv                    text29       0019BE
___fldiv@a                  cstackCOMRAM 00002C
___fldiv@aexp               cstackCOMRAM 000040
___fldiv@b                  cstackCOMRAM 000028
___fldiv@bexp               cstackCOMRAM 00003F
___fldiv@grs                cstackCOMRAM 00003B
___fldiv@new_exp            cstackCOMRAM 000039
___fldiv@rem                cstackCOMRAM 000034
___fldiv@sign               cstackCOMRAM 000038
___fleq                     text28       002FEC
___fleq@ff1                 cstackCOMRAM 000001
___fleq@ff2                 cstackCOMRAM 000005
___flge                     text27       002882
___flge@ff1                 cstackCOMRAM 000028
___flge@ff2                 cstackCOMRAM 00002C
___flmul                    text26       001594
___flmul@a                  cstackCOMRAM 000013
___flmul@aexp               cstackCOMRAM 000020
___flmul@b                  cstackCOMRAM 00000F
___flmul@bexp               cstackCOMRAM 000021
___flmul@grs                cstackCOMRAM 00001C
___flmul@prod               cstackCOMRAM 000022
___flmul@sign               cstackCOMRAM 00001B
___flmul@temp               cstackCOMRAM 000026
___flneg                    text25       003512
___flneg@f1                 cstackCOMRAM 000001
___flsub                    text23       0033D2
___flsub@a                  cstackCOMRAM 00002C
___flsub@b                  cstackCOMRAM 000028
___fltol                    text22       00277C
___fltol@exp1               cstackCOMRAM 00000A
___fltol@f1                 cstackCOMRAM 000001
___fltol@sign1              cstackCOMRAM 000009
___fpclassifyf              text21       002986
___fpclassifyf@F465         bssBANK0     000084
___fpclassifyf@e            cstackCOMRAM 000009
___fpclassifyf@u            cstackCOMRAM 00000B
___fpclassifyf@x            cstackCOMRAM 000001
___heap_hi                  (abs)        000000
___heap_lo                  (abs)        000000
___inthi_sp                 stack        000000
___inthi_stack_hi           stack        000000
___inthi_stack_lo           stack        000000
___intlo_sp                 stack        000000
___intlo_stack_hi           stack        000000
___intlo_stack_lo           stack        000000
___param_bank               (abs)        000000
___rparam_used              (abs)        000001
___sp                       stack        000000
___stack_hi                 stack        000000
___stack_lo                 stack        000000
___wmul                     text15       00360C
___wmul@multiplicand        cstackCOMRAM 000003
___wmul@multiplier          cstackCOMRAM 000001
___wmul@product             cstackCOMRAM 000005
___xxtofl                   text4        002418
___xxtofl@arg               cstackCOMRAM 00000B
___xxtofl@exp               cstackCOMRAM 00000A
___xxtofl@sign              cstackCOMRAM 000009
___xxtofl@val               cstackCOMRAM 000001
__accesstop                 (abs)        000080
__activetblptr              (abs)        000002
__end_of_LCD_tela1          text10       002F3C
__end_of_LCD_tela2          text9        002D0A
__end_of___awdiv            text37       002DCE
__end_of___awmod            text36       002FEC
__end_of___fladd            text24       001594
__end_of___fldiv            text29       001D58
__end_of___fleq             text28       003096
__end_of___flge             text27       002986
__end_of___flmul            text26       0019BE
__end_of___flneg            text25       00354A
__end_of___flsub            text23       003418
__end_of___fltol            text22       002882
__end_of___fpclassifyf      text21       002A84
__end_of___wmul             text15       003632
__end_of___xxtofl           text4        0025CC
__end_of__initialization    cinit        0035D4
__end_of_abs                text35       00357E
__end_of_config_ADC         text8        003690
__end_of_config_FOSC        text7        00369A
__end_of_config_IO          text6        003682
__end_of_conv_AN3           text5        0035B0
__end_of_conv_TEMP          text3        002C3C
__end_of_dtoa               text30       00277C
__end_of_efgtoa             text16       0010D4
__end_of_floorf             text20       00224E
__end_of_fputc              text33       002E88
__end_of_fputs              text32       0034D8
__end_of_labs               text19       003336
__end_of_lcd_clear          text38       00360C
__end_of_lcd_cmd            text41       002B68
__end_of_lcd_init           text2        00327A
__end_of_lcd_send_byte      text40       003670
__end_of_lcd_write          text39       0031DC
__end_of_logica_controle    text1        002418
__end_of_main               text0        0033D2
__end_of_memcpy             text18       003386
__end_of_pad                text31       0032E0
__end_of_putch              text34       00369C
__end_of_read_prec_or_width text14       00313C
__end_of_set_bit            text42       003652
__end_of_sprintf            text11       003458
__end_of_strcpy             text17       003512
__end_of_vfpfcnvrt          text13       00203C
__end_of_vfprintf           text12       003498
__initialization            cinit        0035B0
__mediumconst               mediumconst  000000
__pbssBANK0                 bssBANK0     000080
__pbssBANK1                 bssBANK1     000100
__pbssCOMRAM                bssCOMRAM    000077
__pcinit                    cinit        0035B0
__pcstackBANK0              cstackBANK0  0000C0
__pcstackCOMRAM             cstackCOMRAM 000001
__psmallconst               smallconst   000600
__ptext0                    text0        003386
__ptext1                    text1        00224E
__ptext10                   text10       002E88
__ptext11                   text11       003418
__ptext12                   text12       003458
__ptext13                   text13       001D58
__ptext14                   text14       003096
__ptext15                   text15       00360C
__ptext16                   text16       000680
__ptext17                   text17       0034D8
__ptext18                   text18       003336
__ptext19                   text19       0032E0
__ptext2                    text2        0031DC
__ptext20                   text20       00203C
__ptext21                   text21       002986
__ptext22                   text22       00277C
__ptext23                   text23       0033D2
__ptext24                   text24       0010D4
__ptext25                   text25       003512
__ptext26                   text26       001594
__ptext27                   text27       002882
__ptext28                   text28       002FEC
__ptext29                   text29       0019BE
__ptext3                    text3        002B68
__ptext30                   text30       0025CC
__ptext31                   text31       00327A
__ptext32                   text32       003498
__ptext33                   text33       002DCE
__ptext34                   text34       00369A
__ptext35                   text35       00354A
__ptext36                   text36       002F3C
__ptext37                   text37       002D0A
__ptext38                   text38       0035DE
__ptext39                   text39       00313C
__ptext4                    text4        002418
__ptext40                   text40       003652
__ptext41                   text41       002A84
__ptext42                   text42       003632
__ptext5                    text5        00357E
__ptext6                    text6        003670
__ptext7                    text7        003690
__ptext8                    text8        003682
__ptext9                    text9        002C3C
__ramtop                    ramtop       000600
__smallconst                smallconst   000600
_abs                        text35       00354A
_config_ADC                 text8        003682
_config_FOSC                text7        003690
_config_IO                  text6        003670
_conv_AN3                   text5        00357E
_conv_TEMP                  text3        002B68
_dbuf                       bssBANK1     000100
_dtoa                       text30       0025CC
_dtoa$1124                  cstackCOMRAM 00001A
_efgtoa                     text16       000680
_efgtoa$1155                cstackBANK0  0000C6
_flags                      bssCOMRAM    00007F
_floorf                     text20       00203C
_fputc                      text33       002DCE
_fputs                      text32       003498
_labs                       text19       0032E0
_lcd_clear                  text38       0035DE
_lcd_cmd                    text41       002A84
_lcd_init                   text2        0031DC
_lcd_send_byte              text40       003652
_lcd_write                  text39       00313C
_logica_controle            text1        00224E
_main                       text0        003386
_memcpy                     text18       003336
_pad                        text31       00327A
_percent                    bssBANK0     000088
_prec                       bssCOMRAM    00007B
_putch                      text34       00369A
_read_prec_or_width         text14       003096
_sensor_temp                bssCOMRAM    000077
_sensor_tensao              bssBANK0     00008C
_set_bit                    text42       003632
_sprintf                    text11       003418
_strcpy                     text17       0034D8
_string_FAN1                bssBANK0     0000B8
_string_FAN2                bssBANK0     0000B0
_string_RES1                bssBANK0     0000A8
_string_percent             bssBANK1     000150
_string_temp                bssBANK0     000098
_vfpfcnvrt                  text13       001D58
_vfprintf                   text12       003458
_width                      bssBANK0     000090
abs@a                       cstackCOMRAM 000007
dtoa@d                      cstackCOMRAM 000018
dtoa@fp                     cstackCOMRAM 000017
dtoa@i                      cstackCOMRAM 000021
dtoa@p                      cstackCOMRAM 00001C
dtoa@s                      cstackCOMRAM 000020
dtoa@w                      cstackCOMRAM 00001E
efgtoa@c                    cstackCOMRAM 00005A
efgtoa@d                    cstackBANK0  0000CB
efgtoa@e                    cstackBANK0  0000CF
efgtoa@f                    cstackCOMRAM 000056
efgtoa@fp                   cstackCOMRAM 000055
efgtoa@g                    cstackBANK0  0000E2
efgtoa@h                    cstackBANK0  0000D7
efgtoa@i                    cstackBANK0  0000DF
efgtoa@l                    cstackBANK0  0000DB
efgtoa@m                    cstackBANK0  0000CD
efgtoa@mode                 cstackBANK0  0000C9
efgtoa@n                    cstackBANK0  0000E6
efgtoa@ne                   cstackBANK0  0000C0
efgtoa@nmode                cstackBANK0  0000CA
efgtoa@ou                   cstackBANK0  0000D1
efgtoa@p                    cstackBANK0  0000C2
efgtoa@pp                   cstackBANK0  0000C8
efgtoa@sign                 cstackBANK0  0000E1
efgtoa@t                    cstackBANK0  0000C4
efgtoa@u                    cstackBANK0  0000E8
efgtoa@w                    cstackBANK0  0000D5
end_of_initialization       cinit        0035D4
floorf@F521                 bssBANK0     000080
floorf@e                    cstackCOMRAM 00004F
floorf@m                    cstackCOMRAM 00004B
floorf@u                    cstackCOMRAM 000051
floorf@x                    cstackCOMRAM 000041
fputc@c                     cstackCOMRAM 000001
fputc@fp                    cstackCOMRAM 000003
fputs@c                     cstackCOMRAM 00000C
fputs@fp                    cstackCOMRAM 00000B
fputs@i                     cstackCOMRAM 00000D
fputs@s                     cstackCOMRAM 000009
intlevel0                   text         000000
intlevel1                   text         000000
intlevel2                   text         000000
intlevel3                   text         000000
isa$std                     (abs)        000001
isa$xinst                   (abs)        000000
labs@a                      cstackCOMRAM 000001
lcd_cmd@cmd                 cstackCOMRAM 000004
lcd_init@i                  cstackCOMRAM 000006
lcd_send_byte@data          cstackCOMRAM 000005
lcd_send_byte@level         cstackCOMRAM 000006
lcd_write@col               cstackCOMRAM 000007
lcd_write@end               cstackCOMRAM 00000A
lcd_write@lin               cstackCOMRAM 00000B
lcd_write@str               cstackCOMRAM 000008
memcpy@d                    cstackCOMRAM 000008
memcpy@d1                   cstackCOMRAM 000001
memcpy@n                    cstackCOMRAM 000005
memcpy@s                    cstackCOMRAM 00000A
memcpy@s1                   cstackCOMRAM 000003
memcpy@tmp                  cstackCOMRAM 000007
pad@buf                     cstackCOMRAM 000010
pad@fp                      cstackCOMRAM 00000F
pad@i                       cstackCOMRAM 000015
pad@p                       cstackCOMRAM 000012
read_prec_or_width@ap       cstackCOMRAM 000008
read_prec_or_width@c        cstackCOMRAM 000009
read_prec_or_width@fmt      cstackCOMRAM 000007
read_prec_or_width@n        cstackCOMRAM 00000A
set_bit@cmd                 cstackCOMRAM 000002
set_bit@comp                cstackCOMRAM 000001
sprintf@ap                  cstackCOMRAM 000069
sprintf@f                   cstackCOMRAM 00006A
sprintf@fmt                 cstackBANK0  0000F1
sprintf@s                   cstackBANK0  0000EF
stackhi                     (abs)        000000
stacklo                     (abs)        000000
start                       init         000000
start_initialization        cinit        0035B0
strcpy@d                    cstackCOMRAM 000005
strcpy@dest                 cstackCOMRAM 000001
strcpy@src                  cstackCOMRAM 000003
vfpfcnvrt@ap                cstackCOMRAM 00005F
vfpfcnvrt@c                 cstackCOMRAM 000066
vfpfcnvrt@convarg           cstackCOMRAM 000062
vfpfcnvrt@cp                cstackCOMRAM 000067
vfpfcnvrt@done              cstackCOMRAM 000061
vfpfcnvrt@fmt               cstackCOMRAM 00005E
vfpfcnvrt@fp                cstackCOMRAM 00005D
vfprintf@ap                 cstackBANK0  0000EE
vfprintf@cfmt               cstackCOMRAM 000068
vfprintf@fmt                cstackBANK0  0000ED
vfprintf@fp                 cstackBANK0  0000EC


MODULE INFORMATION

Module		Function		Class		Link	Load	Size
C:\Program Files\Microchip\xc8\v2.46\pic\sources\c99\common\fltol.c
		___fltol       		CODE           	277C	0000	262

C:\Program Files\Microchip\xc8\v2.46\pic\sources\c99\common\fltol.c estimated size: 262

C:\Program Files\Microchip\xc8\v2.46\pic\sources\c99\common\floorf.c
		_floorf        		CODE           	203C	0000	530

C:\Program Files\Microchip\xc8\v2.46\pic\sources\c99\common\floorf.c estimated size: 530

C:\Program Files\Microchip\xc8\v2.46\pic\sources\c99\common\nf_fputc.c
		_fputc         		CODE           	2DCE	0000	186

C:\Program Files\Microchip\xc8\v2.46\pic\sources\c99\common\nf_fputc.c estimated size: 186

C:\Program Files\Microchip\xc8\v2.46\pic\sources\c99\common\awdiv.c
		___awdiv       		CODE           	2D0A	0000	196

C:\Program Files\Microchip\xc8\v2.46\pic\sources\c99\common\awdiv.c estimated size: 196

C:\Program Files\Microchip\xc8\v2.46\pic\sources\c99\common\xxtofl.c
		___xxtofl      		CODE           	2418	0000	436

C:\Program Files\Microchip\xc8\v2.46\pic\sources\c99\common\xxtofl.c estimated size: 436

LCD4b_EXSTO.c
		_lcd_cmd       		CODE           	2A84	0000	228
		_lcd_send_byte 		CODE           	3652	0000	30
		_set_bit       		CODE           	3632	0000	32
		_lcd_clear     		CODE           	35DE	0000	46
		_lcd_write     		CODE           	313C	0000	160
		_lcd_init      		CODE           	31DC	0000	158

LCD4b_EXSTO.c estimated size: 654

C:\Program Files\Microchip\xc8\v2.46\pic\sources\c99\common\flneg.c
		___flneg       		CODE           	3512	0000	56

C:\Program Files\Microchip\xc8\v2.46\pic\sources\c99\common\flneg.c estimated size: 56

C:\Program Files\Microchip\xc8\v2.46\pic\sources\c99\common\__fpclassifyf.c
		___fpclassifyf 		CODE           	2986	0000	254

C:\Program Files\Microchip\xc8\v2.46\pic\sources\c99\common\__fpclassifyf.c estimated size: 254

C:\Program Files\Microchip\xc8\v2.46\pic\sources\c99\common\sprcmul.c
		___flmul       		CODE           	1594	0000	1066

C:\Program Files\Microchip\xc8\v2.46\pic\sources\c99\common\sprcmul.c estimated size: 1066

C:\Program Files\Microchip\xc8\v2.46\pic\sources\c99\common\strcpy.c
		_strcpy        		CODE           	34D8	0000	58

C:\Program Files\Microchip\xc8\v2.46\pic\sources\c99\common\strcpy.c estimated size: 58

C:\Program Files\Microchip\xc8\v2.46\pic\sources\c99\common\sprcdiv.c
		___fldiv       		CODE           	19BE	0000	922

C:\Program Files\Microchip\xc8\v2.46\pic\sources\c99\common\sprcdiv.c estimated size: 922

C:\Program Files\Microchip\xc8\v2.46\pic\sources\c99\common\fleq.c
		___fleq        		CODE           	2FEC	0000	170

C:\Program Files\Microchip\xc8\v2.46\pic\sources\c99\common\fleq.c estimated size: 170

C:\Program Files\Microchip\xc8\v2.46\pic\sources\c99\common\doprnt.c
		_read_prec_or_width		CODE           	3096	0000	166
		_vfpfcnvrt     		CODE           	1D58	0000	740
		_efgtoa        		CODE           	0680	0000	2644
		_pad           		CODE           	327A	0000	102
		_dtoa          		CODE           	25CC	0000	432
		_vfprintf      		CODE           	3458	0000	64

C:\Program Files\Microchip\xc8\v2.46\pic\sources\c99\common\doprnt.c estimated size: 4148

C:\Program Files\Microchip\xc8\v2.46\pic\sources\c99\common\nf_sprintf.c
		_sprintf       		CODE           	3418	0000	64

C:\Program Files\Microchip\xc8\v2.46\pic\sources\c99\common\nf_sprintf.c estimated size: 64

shared
		__initialization		CODE           	35B0	0000	36

shared estimated size: 36

C:\Program Files\Microchip\xc8\v2.46\pic\sources\c99\common\putch.c
		_putch         		CODE           	369A	0000	2

C:\Program Files\Microchip\xc8\v2.46\pic\sources\c99\common\putch.c estimated size: 2

C:\Program Files\Microchip\xc8\v2.46\pic\sources\c99\common\Umul16.c
		___wmul        		CODE           	360C	0000	38

C:\Program Files\Microchip\xc8\v2.46\pic\sources\c99\common\Umul16.c estimated size: 38

C:\Program Files\Microchip\xc8\v2.46\pic\sources\c99\common\nf_fputs.c
		_fputs         		CODE           	3498	0000	64

C:\Program Files\Microchip\xc8\v2.46\pic\sources\c99\common\nf_fputs.c estimated size: 64

C:\Program Files\Microchip\xc8\v2.46\pic\sources\c99\common\sprcadd.c
		___flsub       		CODE           	33D2	0000	70
		___fladd       		CODE           	10D4	0000	1216

C:\Program Files\Microchip\xc8\v2.46\pic\sources\c99\common\sprcadd.c estimated size: 1286

C:\Program Files\Microchip\xc8\v2.46\pic\sources\c99\common\memcpy.c
		_memcpy        		CODE           	3336	0000	80

C:\Program Files\Microchip\xc8\v2.46\pic\sources\c99\common\memcpy.c estimated size: 80

C:\Program Files\Microchip\xc8\v2.46\pic\sources\c99\common\labs.c
		_labs          		CODE           	32E0	0000	86

C:\Program Files\Microchip\xc8\v2.46\pic\sources\c99\common\labs.c estimated size: 86

C:\Program Files\Microchip\xc8\v2.46\pic\sources\c99\common\abs.c
		_abs           		CODE           	354A	0000	52

C:\Program Files\Microchip\xc8\v2.46\pic\sources\c99\common\abs.c estimated size: 52

C:\Program Files\Microchip\xc8\v2.46\pic\sources\c99\common\awmod.c
		___awmod       		CODE           	2F3C	0000	176

C:\Program Files\Microchip\xc8\v2.46\pic\sources\c99\common\awmod.c estimated size: 176

C:/Users/gabri/Desktop/Software/TEMP_ESTUFA_LCD.X/newmain.c
		_conv_TEMP     		CODE           	2B68	0000	212
		_main          		CODE           	3386	0000	76
		_logica_controle		CODE           	224E	0000	458
		_LCD_tela1     		CODE           	2E88	0000	180
		_LCD_tela2     		CODE           	2C3C	0000	206
		_conv_AN3      		CODE           	357E	0000	50
		_config_IO     		CODE           	3670	0000	18
		_config_ADC    		CODE           	3682	0000	14
		_config_FOSC   		CODE           	3690	0000	10

C:/Users/gabri/Desktop/Software/TEMP_ESTUFA_LCD.X/newmain.c estimated size: 1224

C:\Program Files\Microchip\xc8\v2.46\pic\sources\c99\common\flge.c
		___flge        		CODE           	2882	0000	260

C:\Program Files\Microchip\xc8\v2.46\pic\sources\c99\common\flge.c estimated size: 260

